#-----------------------------------------------------------
# Vivado v2025.1 (64-bit)
# SW Build 6140274 on Thu May 22 00:12:29 MDT 2025
# IP Build 6138677 on Thu May 22 03:10:11 MDT 2025
# SharedData Build 6139179 on Tue May 20 17:58:58 MDT 2025
# Start of session at: Mon Dec 15 22:24:35 2025
# Process ID         : 24528
# Current directory  : C:/Users/gabri/Desktop/SED_TRAB/Grupo11_GdC
# Command line       : vivado.exe -gui_launcher_event rodinguilauncherevent14004 C:\Users\gabri\Desktop\SED_TRAB\Grupo11_GdC\Grupo11_GdC.xpr
# Log file           : C:/Users/gabri/Desktop/SED_TRAB/Grupo11_GdC/vivado.log
# Journal file       : C:/Users/gabri/Desktop/SED_TRAB/Grupo11_GdC\vivado.jou
# Running On         : ASUS_Gabriela
# Platform           : Windows Server 2016 or Windows 10
# Operating System   : 26200
# Processor Detail   : 12th Gen Intel(R) Core(TM) i5-1235U
# CPU Frequency      : 2496 MHz
# CPU Physical cores : 10
# CPU Logical cores  : 12
# Host memory        : 8269 MB
# Swap memory        : 9055 MB
# Total Virtual      : 17324 MB
# Available Virtual  : 3951 MB
#-----------------------------------------------------------
start_gui
open_project C:/Users/gabri/Desktop/SED_TRAB/Grupo11_GdC/Grupo11_GdC.xpr
update_compile_order -fileset sources_1
